Component: ARM Compiler 5.06 update 6 (build 750) Tool: armlink [4d35ed]

==============================================================================

Section Cross References

    projevalbot.o(.text) refers (Special) to rkconfigmoteur.o(.text) for MOTEUR_DROIT_ARRIERE
    startup.o(RESET) refers to startup.o(STACK) for StackMem
    startup.o(RESET) refers to projevalbot.o(.text) for __main


==============================================================================

Removing Unused input sections from the image.

    Removing startup.o(HEAP), (0 bytes).
    Removing startup.o(.text), (0 bytes).

2 unused section(s) (total 0 bytes) removed from the image.

==============================================================================

Image Symbol Table

    Local Symbols

    Symbol Name                              Value     Ov Type        Size  Object(Section)

    RESET                                    0x00000000   Section      632  startup.o(RESET)
    ProjEvalBot.s                            0x00000000   Number         0  projevalbot.o ABSOLUTE
    RKConfigMoteur.s                         0x00000000   Number         0  rkconfigmoteur.o ABSOLUTE
    RTE\Device\LM3S9B92\Startup.s            0x00000000   Number         0  startup.o ABSOLUTE
    NmiSR                                    0x00000271   Thumb Code     0  startup.o(RESET)
    FaultISR                                 0x00000273   Thumb Code     0  startup.o(RESET)
    IntDefaultHandler                        0x00000275   Thumb Code     0  startup.o(RESET)
    .text                                    0x00000278   Section      752  projevalbot.o(.text)
    .text                                    0x00000568   Section      484  rkconfigmoteur.o(.text)
    STACK                                    0x20000000   Section      256  startup.o(STACK)
    StackMem                                 0x20000000   Data           0  startup.o(STACK)

    Global Symbols

    Symbol Name                              Value     Ov Type        Size  Object(Section)

    BuildAttributes$$THM_ISAv4$P$D$K$B$S$PE$A:L22UL41UL21$X:L11$S22US41US21$IEEE1$IW$USESV6$~STKCKD$USESV7$~SHL$OSPACE$EBA8$MICROLIB$PRES8$EABIv2 0x00000000   Number         0  anon$$obj.o ABSOLUTE
    __Vectors                                0x00000000   Data           0  startup.o(RESET)
    Reset_Handler                            0x0000026d   Thumb Code     0  startup.o(RESET)
    __main                                   0x00000279   Thumb Code     0  projevalbot.o(.text)
    MOTEUR_INIT                              0x00000569   Thumb Code     0  rkconfigmoteur.o(.text)
    MOTEUR_DROIT_ON                          0x0000066d   Thumb Code     0  rkconfigmoteur.o(.text)
    MOTEUR_DROIT_OFF                         0x00000679   Thumb Code     0  rkconfigmoteur.o(.text)
    MOTEUR_GAUCHE_ON                         0x00000685   Thumb Code     0  rkconfigmoteur.o(.text)
    MOTEUR_GAUCHE_OFF                        0x00000691   Thumb Code     0  rkconfigmoteur.o(.text)
    MOTEUR_DROIT_ARRIERE                     0x0000069d   Thumb Code     0  rkconfigmoteur.o(.text)
    MOTEUR_DROIT_AVANT                       0x000006a7   Thumb Code     0  rkconfigmoteur.o(.text)
    MOTEUR_GAUCHE_ARRIERE                    0x000006b1   Thumb Code     0  rkconfigmoteur.o(.text)
    MOTEUR_GAUCHE_AVANT                      0x000006bb   Thumb Code     0  rkconfigmoteur.o(.text)
    MOTEUR_DROIT_INVERSE                     0x000006c5   Thumb Code     0  rkconfigmoteur.o(.text)
    MOTEUR_GAUCHE_INVERSE                    0x000006d1   Thumb Code     0  rkconfigmoteur.o(.text)
    __initial_sp                             0x20000100   Data           0  startup.o(STACK)



==============================================================================

Memory Map of the image

  Image Entry point : 0x0000026d

  Load Region LR_1 (Base: 0x00000000, Size: 0x0000074c, Max: 0xffffffff, ABSOLUTE)

    Execution Region ER_RO (Exec base: 0x00000000, Load base: 0x00000000, Size: 0x0000074c, Max: 0xffffffff, ABSOLUTE)

    Exec Addr    Load Addr    Size         Type   Attr      Idx    E Section Name        Object

    0x00000000   0x00000000   0x00000278   Code   RO           11  * RESET               startup.o
    0x00000278   0x00000278   0x000002f0   Code   RO            1  * .text               projevalbot.o
    0x00000568   0x00000568   0x000001e4   Code   RO            6  * .text               rkconfigmoteur.o


    Execution Region ER_RW (Exec base: 0x20000000, Load base: 0x0000074c, Size: 0x00000000, Max: 0xffffffff, ABSOLUTE)

    **** No section assigned to this execution region ****


    Execution Region ER_ZI (Exec base: 0x20000000, Load base: 0x0000074c, Size: 0x00000100, Max: 0xffffffff, ABSOLUTE)

    Exec Addr    Load Addr    Size         Type   Attr      Idx    E Section Name        Object

    0x20000000        -       0x00000100   Zero   RW            9    STACK               startup.o


==============================================================================

Image component sizes


      Code (inc. data)   RO Data    RW Data    ZI Data      Debug   Object Name

       752         74          0          0          0        464   projevalbot.o
       484        112          0          0          0        384   rkconfigmoteur.o
       632        622          0          0        256        264   startup.o

    ----------------------------------------------------------------------
      1868        808          0          0        256       1112   Object Totals
         0          0          0          0          0          0   (incl. Generated)
         0          0          0          0          0          0   (incl. Padding)

    ----------------------------------------------------------------------
         0          0          0          0          0          0   Library Totals
         0          0          0          0          0          0   (incl. Padding)

    ----------------------------------------------------------------------

==============================================================================


      Code (inc. data)   RO Data    RW Data    ZI Data      Debug   

      1868        808          0          0        256       1112   Grand Totals
      1868        808          0          0        256       1112   ELF Image Totals
      1868        808          0          0          0          0   ROM Totals

==============================================================================

    Total RO  Size (Code + RO Data)                 1868 (   1.82kB)
    Total RW  Size (RW Data + ZI Data)               256 (   0.25kB)
    Total ROM Size (Code + RO Data + RW Data)       1868 (   1.82kB)

==============================================================================

